[2026-03-28 04:17:14 +0000] [861870] [INFO] Starting gunicorn 23.0.0
[2026-03-28 04:17:14 +0000] [861870] [INFO] Listening at: http://127.0.0.1:9212 (861870)
[2026-03-28 04:17:14 +0000] [861870] [INFO] Using worker: sync
[2026-03-28 04:17:14 +0000] [861873] [INFO] Booting worker with pid: 861873
[2026-03-30 03:50:37 +0000] [861870] [INFO] Handling signal: term
[2026-03-29 22:50:37 -0500] [861873] [INFO] Worker exiting (pid: 861873)
[2026-03-30 03:50:38 +0000] [861870] [INFO] Shutting down: Master
[2026-03-30 03:50:42 +0000] [1780950] [INFO] Starting gunicorn 23.0.0
[2026-03-30 03:50:42 +0000] [1780950] [INFO] Listening at: http://127.0.0.1:9212 (1780950)
[2026-03-30 03:50:42 +0000] [1780950] [INFO] Using worker: sync
[2026-03-30 03:50:42 +0000] [1780951] [INFO] Booting worker with pid: 1780951
[2026-03-30 04:04:12 +0000] [1780950] [INFO] Handling signal: term
[2026-03-29 23:04:12 -0500] [1780951] [INFO] Worker exiting (pid: 1780951)
[2026-03-30 04:04:12 +0000] [1780950] [INFO] Shutting down: Master
[2026-03-30 04:04:18 +0000] [1791004] [INFO] Starting gunicorn 23.0.0
[2026-03-30 04:04:18 +0000] [1791004] [INFO] Listening at: http://127.0.0.1:9212 (1791004)
[2026-03-30 04:04:18 +0000] [1791004] [INFO] Using worker: sync
[2026-03-30 04:04:18 +0000] [1791008] [INFO] Booting worker with pid: 1791008
[2026-03-30 04:06:15 +0000] [1791004] [INFO] Handling signal: term
[2026-03-29 23:06:15 -0500] [1791008] [INFO] Worker exiting (pid: 1791008)
[2026-03-30 04:06:15 +0000] [1791004] [INFO] Shutting down: Master
[2026-03-30 04:06:16 +0000] [1792454] [INFO] Starting gunicorn 23.0.0
[2026-03-30 04:06:16 +0000] [1792454] [INFO] Listening at: http://127.0.0.1:9212 (1792454)
[2026-03-30 04:06:16 +0000] [1792454] [INFO] Using worker: sync
[2026-03-30 04:06:16 +0000] [1792458] [INFO] Booting worker with pid: 1792458
[2026-03-30 04:22:11 +0000] [1792454] [INFO] Handling signal: term
[2026-03-29 23:22:11 -0500] [1792458] [INFO] Worker exiting (pid: 1792458)
[2026-03-30 04:22:11 +0000] [1792454] [INFO] Shutting down: Master
[2026-03-30 04:22:11 +0000] [1804418] [INFO] Starting gunicorn 23.0.0
[2026-03-30 04:22:11 +0000] [1804418] [INFO] Listening at: http://127.0.0.1:9212 (1804418)
[2026-03-30 04:22:11 +0000] [1804418] [INFO] Using worker: sync
[2026-03-30 04:22:11 +0000] [1804426] [INFO] Booting worker with pid: 1804426
[2026-04-06 06:50:31 +0000] [1804418] [INFO] Handling signal: term
[2026-04-06 01:50:32 -0500] [1804426] [INFO] Worker exiting (pid: 1804426)
[2026-04-06 06:50:32 +0000] [1804418] [INFO] Shutting down: Master
[2026-04-06 06:50:34 +0000] [3455504] [INFO] Starting gunicorn 23.0.0
[2026-04-06 06:50:34 +0000] [3455504] [INFO] Listening at: http://127.0.0.1:9212 (3455504)
[2026-04-06 06:50:34 +0000] [3455504] [INFO] Using worker: sync
[2026-04-06 06:50:34 +0000] [3455509] [INFO] Booting worker with pid: 3455509
[2026-04-06 09:41:27 +0000] [3455504] [INFO] Handling signal: term
[2026-04-06 04:41:27 -0500] [3455509] [INFO] Worker exiting (pid: 3455509)
[2026-04-06 09:41:27 +0000] [3455504] [INFO] Shutting down: Master
[2026-04-06 09:41:28 +0000] [3552781] [INFO] Starting gunicorn 23.0.0
[2026-04-06 09:41:28 +0000] [3552781] [INFO] Listening at: http://127.0.0.1:9212 (3552781)
[2026-04-06 09:41:28 +0000] [3552781] [INFO] Using worker: sync
[2026-04-06 09:41:28 +0000] [3552786] [INFO] Booting worker with pid: 3552786
[2026-04-06 09:51:12 +0000] [3552781] [INFO] Handling signal: term
[2026-04-06 04:51:12 -0500] [3552786] [INFO] Worker exiting (pid: 3552786)
[2026-04-06 09:51:12 +0000] [3552781] [ERROR] Worker (pid:3552786) was sent SIGTERM!
[2026-04-06 09:51:12 +0000] [3552781] [INFO] Shutting down: Master
[2026-04-06 09:51:12 +0000] [3558647] [INFO] Starting gunicorn 23.0.0
[2026-04-06 09:51:12 +0000] [3558647] [INFO] Listening at: http://127.0.0.1:9212 (3558647)
[2026-04-06 09:51:12 +0000] [3558647] [INFO] Using worker: sync
[2026-04-06 09:51:12 +0000] [3558652] [INFO] Booting worker with pid: 3558652
[2026-04-07 05:00:14 +0000] [3558647] [INFO] Handling signal: term
[2026-04-07 00:00:14 -0500] [3558652] [INFO] Worker exiting (pid: 3558652)
[2026-04-07 05:00:15 +0000] [3558647] [INFO] Shutting down: Master
[2026-04-07 05:00:17 +0000] [19315] [INFO] Starting gunicorn 23.0.0
[2026-04-07 05:00:17 +0000] [19315] [INFO] Listening at: http://127.0.0.1:9212 (19315)
[2026-04-07 05:00:17 +0000] [19315] [INFO] Using worker: sync
[2026-04-07 05:00:17 +0000] [19319] [INFO] Booting worker with pid: 19319
[2026-04-07 06:32:47 +0000] [19315] [INFO] Handling signal: term
[2026-04-07 01:32:47 -0500] [19319] [INFO] Worker exiting (pid: 19319)
[2026-04-07 06:32:48 +0000] [19315] [INFO] Shutting down: Master
[2026-04-07 06:32:48 +0000] [73161] [INFO] Starting gunicorn 23.0.0
[2026-04-07 06:32:48 +0000] [73161] [INFO] Listening at: http://127.0.0.1:9212 (73161)
[2026-04-07 06:32:48 +0000] [73161] [INFO] Using worker: sync
[2026-04-07 06:32:48 +0000] [73163] [INFO] Booting worker with pid: 73163
[2026-04-07 06:46:45 +0000] [73161] [INFO] Handling signal: term
[2026-04-07 01:46:45 -0500] [73163] [INFO] Worker exiting (pid: 73163)
[2026-04-07 06:46:45 +0000] [73161] [ERROR] Worker (pid:73163) was sent SIGTERM!
[2026-04-07 06:46:45 +0000] [73161] [INFO] Shutting down: Master
[2026-04-07 06:46:45 +0000] [81718] [INFO] Starting gunicorn 23.0.0
[2026-04-07 06:46:45 +0000] [81718] [INFO] Listening at: http://127.0.0.1:9212 (81718)
[2026-04-07 06:46:45 +0000] [81718] [INFO] Using worker: sync
[2026-04-07 06:46:45 +0000] [81720] [INFO] Booting worker with pid: 81720
[2026-04-07 09:01:04 +0000] [81718] [INFO] Handling signal: term
[2026-04-07 04:01:04 -0500] [81720] [INFO] Worker exiting (pid: 81720)
[2026-04-07 09:01:05 +0000] [81718] [INFO] Shutting down: Master
[2026-04-07 09:01:06 +0000] [159325] [INFO] Starting gunicorn 23.0.0
[2026-04-07 09:01:06 +0000] [159325] [INFO] Listening at: http://127.0.0.1:9212 (159325)
[2026-04-07 09:01:06 +0000] [159325] [INFO] Using worker: sync
[2026-04-07 09:01:06 +0000] [159330] [INFO] Booting worker with pid: 159330
[2026-04-08 06:55:17 +0000] [159325] [INFO] Handling signal: term
[2026-04-08 01:55:17 -0500] [159330] [INFO] Worker exiting (pid: 159330)
[2026-04-08 06:55:18 +0000] [159325] [INFO] Shutting down: Master
[2026-04-08 06:55:19 +0000] [889653] [INFO] Starting gunicorn 23.0.0
[2026-04-08 06:55:19 +0000] [889653] [INFO] Listening at: http://127.0.0.1:9212 (889653)
[2026-04-08 06:55:19 +0000] [889653] [INFO] Using worker: sync
[2026-04-08 06:55:19 +0000] [889655] [INFO] Booting worker with pid: 889655
[2026-04-08 07:20:53 +0000] [889653] [INFO] Handling signal: term
[2026-04-08 02:20:53 -0500] [889655] [INFO] Worker exiting (pid: 889655)
[2026-04-08 07:20:53 +0000] [889653] [ERROR] Worker (pid:889655) was sent SIGTERM!
[2026-04-08 07:20:53 +0000] [889653] [INFO] Shutting down: Master
[2026-04-08 07:20:53 +0000] [909452] [INFO] Starting gunicorn 23.0.0
[2026-04-08 07:20:53 +0000] [909452] [INFO] Listening at: http://127.0.0.1:9212 (909452)
[2026-04-08 07:20:53 +0000] [909452] [INFO] Using worker: sync
[2026-04-08 07:20:53 +0000] [909456] [INFO] Booting worker with pid: 909456
[2026-04-08 09:12:18 +0000] [909452] [INFO] Handling signal: term
[2026-04-08 04:12:18 -0500] [909456] [INFO] Worker exiting (pid: 909456)
[2026-04-08 09:12:20 +0000] [909452] [INFO] Shutting down: Master
[2026-04-08 09:12:20 +0000] [977972] [INFO] Starting gunicorn 23.0.0
[2026-04-08 09:12:20 +0000] [977972] [INFO] Listening at: http://127.0.0.1:9212 (977972)
[2026-04-08 09:12:20 +0000] [977972] [INFO] Using worker: sync
[2026-04-08 09:12:20 +0000] [977974] [INFO] Booting worker with pid: 977974
[2026-04-08 09:12:42 +0000] [977972] [INFO] Handling signal: term
[2026-04-08 04:12:42 -0500] [977974] [INFO] Worker exiting (pid: 977974)
[2026-04-08 09:12:42 +0000] [977972] [ERROR] Worker (pid:977974) was sent SIGTERM!
[2026-04-08 09:12:42 +0000] [977972] [INFO] Shutting down: Master
[2026-04-08 09:12:43 +0000] [978241] [INFO] Starting gunicorn 23.0.0
[2026-04-08 09:12:43 +0000] [978241] [INFO] Listening at: http://127.0.0.1:9212 (978241)
[2026-04-08 09:12:43 +0000] [978241] [INFO] Using worker: sync
[2026-04-08 09:12:43 +0000] [978244] [INFO] Booting worker with pid: 978244
[2026-04-08 09:30:39 +0000] [978241] [INFO] Handling signal: term
[2026-04-08 04:30:39 -0500] [978244] [INFO] Worker exiting (pid: 978244)
[2026-04-08 09:30:39 +0000] [978241] [ERROR] Worker (pid:978244) was sent SIGTERM!
[2026-04-08 09:30:39 +0000] [978241] [INFO] Shutting down: Master
[2026-04-08 09:30:39 +0000] [989153] [INFO] Starting gunicorn 23.0.0
[2026-04-08 09:30:39 +0000] [989153] [INFO] Listening at: http://127.0.0.1:9212 (989153)
[2026-04-08 09:30:39 +0000] [989153] [INFO] Using worker: sync
[2026-04-08 09:30:39 +0000] [989160] [INFO] Booting worker with pid: 989160
[2026-04-08 09:42:52 +0000] [989153] [INFO] Handling signal: term
[2026-04-08 04:42:52 -0500] [989160] [INFO] Worker exiting (pid: 989160)
[2026-04-08 09:42:52 +0000] [989153] [ERROR] Worker (pid:989160) was sent SIGTERM!
[2026-04-08 09:42:52 +0000] [989153] [INFO] Shutting down: Master
[2026-04-08 09:42:52 +0000] [996639] [INFO] Starting gunicorn 23.0.0
[2026-04-08 09:42:52 +0000] [996639] [INFO] Listening at: http://127.0.0.1:9212 (996639)
[2026-04-08 09:42:52 +0000] [996639] [INFO] Using worker: sync
[2026-04-08 09:42:52 +0000] [996641] [INFO] Booting worker with pid: 996641
[2026-04-08 16:24:01 +0000] [996639] [INFO] Handling signal: term
[2026-04-08 11:24:01 -0500] [996641] [INFO] Worker exiting (pid: 996641)
[2026-04-08 16:24:01 +0000] [996639] [ERROR] Worker (pid:996641) was sent SIGTERM!
[2026-04-08 16:24:01 +0000] [996639] [INFO] Shutting down: Master
[2026-04-08 16:24:02 +0000] [1216256] [INFO] Starting gunicorn 23.0.0
[2026-04-08 16:24:02 +0000] [1216256] [INFO] Listening at: http://127.0.0.1:9212 (1216256)
[2026-04-08 16:24:02 +0000] [1216256] [INFO] Using worker: sync
[2026-04-08 16:24:02 +0000] [1216258] [INFO] Booting worker with pid: 1216258
[2026-04-10 06:25:28 +0000] [1216256] [INFO] Handling signal: term
[2026-04-10 01:25:29 -0500] [1216258] [INFO] Worker exiting (pid: 1216258)
[2026-04-10 06:25:32 +0000] [1216256] [INFO] Shutting down: Master
[2026-04-10 06:25:35 +0000] [2661389] [INFO] Starting gunicorn 23.0.0
[2026-04-10 06:25:35 +0000] [2661389] [INFO] Listening at: http://127.0.0.1:9212 (2661389)
[2026-04-10 06:25:35 +0000] [2661389] [INFO] Using worker: sync
[2026-04-10 06:25:35 +0000] [2661400] [INFO] Booting worker with pid: 2661400
[2026-04-12 04:38:46 +0000] [2661389] [INFO] Handling signal: hup
[2026-04-12 04:38:46 +0000] [2661389] [INFO] Hang up: Master
[2026-04-12 04:38:46 +0000] [3382731] [INFO] Booting worker with pid: 3382731
[2026-04-11 23:38:46 -0500] [2661400] [INFO] Worker exiting (pid: 2661400)
[2026-04-12 04:58:11 +0000] [2661389] [INFO] Handling signal: hup
[2026-04-12 04:58:11 +0000] [2661389] [INFO] Hang up: Master
[2026-04-11 23:58:11 -0500] [3382731] [INFO] Worker exiting (pid: 3382731)
[2026-04-12 04:58:11 +0000] [3389010] [INFO] Booting worker with pid: 3389010
[2026-04-12 05:08:42 +0000] [2661389] [INFO] Handling signal: hup
[2026-04-12 05:08:42 +0000] [2661389] [INFO] Hang up: Master
[2026-04-12 00:08:42 -0500] [3389010] [INFO] Worker exiting (pid: 3389010)
[2026-04-12 05:08:42 +0000] [3393713] [INFO] Booting worker with pid: 3393713
[2026-04-12 05:37:27 +0000] [2661389] [INFO] Handling signal: hup
[2026-04-12 05:37:27 +0000] [2661389] [INFO] Hang up: Master
[2026-04-12 05:37:27 +0000] [3404638] [INFO] Booting worker with pid: 3404638
[2026-04-12 00:37:27 -0500] [3393713] [INFO] Worker exiting (pid: 3393713)
[2026-04-12 05:39:26 +0000] [2661389] [INFO] Handling signal: hup
[2026-04-12 05:39:26 +0000] [2661389] [INFO] Hang up: Master
[2026-04-12 05:39:26 +0000] [3405821] [INFO] Booting worker with pid: 3405821
[2026-04-12 00:39:26 -0500] [3404638] [INFO] Worker exiting (pid: 3404638)
[2026-04-12 05:57:55 +0000] [2661389] [INFO] Handling signal: term
[2026-04-12 00:57:55 -0500] [3405821] [INFO] Worker exiting (pid: 3405821)
[2026-04-12 05:57:55 +0000] [2661389] [ERROR] Worker (pid:3405821) was sent SIGTERM!
[2026-04-12 05:57:55 +0000] [2661389] [INFO] Shutting down: Master
[2026-04-12 06:05:51 +0000] [3418034] [INFO] Starting gunicorn 23.0.0
[2026-04-12 06:05:51 +0000] [3418034] [INFO] Listening at: http://127.0.0.1:9212 (3418034)
[2026-04-12 06:05:51 +0000] [3418034] [INFO] Using worker: sync
[2026-04-12 06:05:51 +0000] [3418036] [INFO] Booting worker with pid: 3418036
[2026-04-12 06:24:54 +0000] [3418034] [INFO] Handling signal: hup
[2026-04-12 06:24:54 +0000] [3418034] [INFO] Hang up: Master
[2026-04-12 01:24:54 -0500] [3418036] [INFO] Worker exiting (pid: 3418036)
[2026-04-12 06:24:54 +0000] [3424157] [INFO] Booting worker with pid: 3424157
[2026-04-12 07:02:31 +0000] [3418034] [INFO] Handling signal: term
[2026-04-12 02:02:31 -0500] [3424157] [INFO] Worker exiting (pid: 3424157)
[2026-04-12 07:02:31 +0000] [3418034] [INFO] Shutting down: Master
[2026-04-12 07:02:50 +0000] [3441152] [INFO] Starting gunicorn 23.0.0
[2026-04-12 07:02:50 +0000] [3441152] [INFO] Listening at: http://127.0.0.1:9212 (3441152)
[2026-04-12 07:02:50 +0000] [3441152] [INFO] Using worker: sync
[2026-04-12 07:02:50 +0000] [3441154] [INFO] Booting worker with pid: 3441154
[2026-04-12 09:14:37 +0000] [3441152] [INFO] Handling signal: term
[2026-04-12 04:14:37 -0500] [3441154] [INFO] Worker exiting (pid: 3441154)
[2026-04-12 09:14:39 +0000] [3441152] [INFO] Shutting down: Master
[2026-04-12 09:14:42 +0000] [3477668] [INFO] Starting gunicorn 23.0.0
[2026-04-12 09:14:42 +0000] [3477668] [INFO] Listening at: http://127.0.0.1:9212 (3477668)
[2026-04-12 09:14:42 +0000] [3477668] [INFO] Using worker: sync
[2026-04-12 09:14:42 +0000] [3477669] [INFO] Booting worker with pid: 3477669
[2026-04-12 09:23:37 +0000] [3477668] [INFO] Handling signal: term
[2026-04-12 04:23:37 -0500] [3477669] [INFO] Worker exiting (pid: 3477669)
[2026-04-12 09:23:37 +0000] [3477668] [INFO] Shutting down: Master
[2026-04-12 09:23:37 +0000] [3480306] [INFO] Starting gunicorn 23.0.0
[2026-04-12 09:23:37 +0000] [3480306] [INFO] Listening at: http://127.0.0.1:9212 (3480306)
[2026-04-12 09:23:37 +0000] [3480306] [INFO] Using worker: sync
[2026-04-12 09:23:37 +0000] [3480308] [INFO] Booting worker with pid: 3480308
[2026-05-14 05:29:38 +0000] [448342] [INFO] Starting gunicorn 23.0.0
[2026-05-14 05:29:38 +0000] [448342] [INFO] Listening at: http://127.0.0.1:9212 (448342)
[2026-05-14 05:29:38 +0000] [448342] [INFO] Using worker: sync
[2026-05-14 05:29:38 +0000] [448343] [INFO] Booting worker with pid: 448343
[2026-07-07 11:05:12 +0000] [448342] [ERROR] Worker (pid:448343) was sent SIGHUP!
[2026-07-07 11:05:12 +0000] [448342] [INFO] Handling signal: hup
[2026-07-07 11:05:12 +0000] [448342] [INFO] Hang up: Master
[2026-07-07 11:05:12 +0000] [1948321] [INFO] Booting worker with pid: 1948321
[2026-07-07 11:05:13 +0000] [448342] [INFO] Handling signal: term
[2026-07-07 11:05:13 +0000] [1948362] [INFO] Booting worker with pid: 1948362
[2026-07-07 06:05:17 -0500] [1948321] [INFO] Worker exiting (pid: 1948321)
[2026-07-07 11:05:43 +0000] [448342] [INFO] Shutting down: Master
